[www.kccitm.edu.in/index.html]
[backblue.gif]
[fade.gif]
[index.html]
[www.kccitm.edu.in/images/kcc-logo-new.webp]
[www.kccitm.edu.in/images/favicon.ico]
[cdnjs.cloudflare.com/ajax/libs/font-awesome/6.7.2/css/all.min.css]
[www.kccitm.edu.in/vendor/bootstrap/css/bootstrap.min.css]
[cdn.linearicons.com/free/1.0.0/icon-font.min.css]
[www.kccitm.edu.in/css/style.css]
[www.kccitm.edu.in/css/aos.css]
[www.kccitm.edu.in/css/dynamic.css]
[www.kccitm.edu.in/css/owl.carousel.min.css]
[www.kccitm.edu.in/css/owl.theme.default.min.css]
[connect.facebook.net/en_US/fbevents.js]
[snap.licdn.com/li.lms-analytics/insight.min.js]
[track.nopaperforms.com/js/track.js]
[www.kccitm.edu.in/scriptresourcef590.js]
[www.kccitm.edu.in/scriptresource9a15.js]
[www.kccitm.edu.in/scriptresourceded4.js]
[www.kccitm.edu.in/scriptresource700d.axd]
[www.kccitm.edu.in/scriptresource3bad.axd]
[www.kccitm.edu.in/scriptresource6c79.axd]
[www.kccitm.edu.in/scriptresourcec86c.axd]
[www.kccitm.edu.in/scriptresource0fce.axd]
[www.kccitm.edu.in/scriptresource75a7.axd]
[www.kccitm.edu.in/scriptresourceb751.axd]
[www.kccitm.edu.in/scriptresource37ea.axd]
[www.kccitm.edu.in/anugoonj-2026.html]
[www.kccitm.edu.in/ilhe/ipu-bba.html]
[www.kccitm.edu.in/ilhe/ipu-bca.html]
[www.kccitm.edu.in/ilhe/ipu-bjmc.html]
[www.kccitm.edu.in/ilhe/ipu-bcom.html]
[www.kccitm.edu.in/ilhe/ipu-cet-ba-llb.html]
[www.kccitm.edu.in/ilhe/ipu-cet-bba-llb.html]
[www.kccitm.edu.in/courses/mba-admissions-greater-noida.html]
[www.kccitm.edu.in/testimonials.html]
[www.kccitm.edu.in/scholarship/index.html]
[www.kccitm.edu.in/alumni-network/index.html]
[www.kccitm.edu.in/about-us/kcc-mission-and-vision.html]
[www.kccitm.edu.in/about-us/chairman-message.html]
[www.kccitm.edu.in/about-us/vice-chairpersons-message.html]
[www.kccitm.edu.in/about-us/greater-noida-delhi-ncr-great-city.html]
[www.kccitm.edu.in/about-us/kcc-group.html]
[www.kccitm.edu.in/about-us/governing-council.html]
[www.kccitm.edu.in/about-us/kcc-institute-technology-management-ranking.html]
[www.kccitm.edu.in/about-us/anti-ragging-act.html]
[www.kccitm.edu.in/academics/departments.html]
[www.kccitm.edu.in/academics/academic-calendar.html]
[www.kccitm.edu.in/academics/teaching-pedagogy.html]
[www.kccitm.edu.in/academics/faculty.html]
[www.kccitm.edu.in/academics/examination.html]
[www.kccitm.edu.in/academics/center-of-excellence.html]
[www.kccitm.edu.in/admission-process-kccitm.html]
[www.kccitm.edu.in/admissions/eligibility.html]
[www.kccitm.edu.in/admissions/admission-manger-kccitm.html]
[www.kccitm.edu.in/admissions/prospectus-download.html]
[www.kccitm.edu.in/admissions/payment-procedure.html]
[www.kccitm.edu.in/fee-structure.html]
[www.kccitm.edu.in/programs.html]
[www.kccitm.edu.in/uploads/streamimage/1ste_program-img1.jpg]
[www.kccitm.edu.in/courses/b-tech/btech-computer-science-and-engineering.html]
[www.kccitm.edu.in/courses/b-tech/b-tech-mechanical-engineering.html]
[www.kccitm.edu.in/courses/b-tech/b-tech-electronics-communication.html]
[www.kccitm.edu.in/under-graduate-engineering-programmes/index.html]
[www.kccitm.edu.in/courses/b-tech/b-tech-electrical-engineering.html]
[www.kccitm.edu.in/courses/b-tech/b-tech-civil-engineering.html]
[www.kccitm.edu.in/courses/b-tech/b-tech-information-technology.html]
[www.kccitm.edu.in/courses/b-tech/cse-internet-of-things.html]
[www.kccitm.edu.in/courses/b-tech/artificial-intelligence-and-machine-learning.html]
[www.kccitm.edu.in/courses/b-tech/data-sciences.html]
[www.kccitm.edu.in/courses/b-tech/btech-computer-science-and-information-technology.html]
[www.kccitm.edu.in/courses/b-tech/btech-computer-science-and-engineering-artificial-intelligence.html]
[www.kccitm.edu.in/courses/b-tech/btech-artificial-intelligence-and-machine-learning.html]
[www.kccitm.edu.in/uploads/streamimage/2ste_program-img3.jpg]
[www.kccitm.edu.in/courses/b-tech/btech-computer-science-hindi.html]
[www.kccitm.edu.in/kcc-ilhe.html]
[www.kccitm.edu.in/uploads/streamimage/3ste_program-img2.jpg]
[www.kccitm.edu.in/courses/m-tech/m-tech-electronics-communication-engineering.html]
[www.kccitm.edu.in/courses/m-tech/index.html]
[www.kccitm.edu.in/courses/m-tech/m-tech-mechanical-engineering.html]
[www.kccitm.edu.in/courses/m-tech/m-tech-in-computer-science-and-engineering.html]
[www.kccitm.edu.in/infrastructure/academic-block.html]
[www.kccitm.edu.in/infrastructure/facilities.html]
[www.kccitm.edu.in/infrastructure/sports-complex.html]
[www.kccitm.edu.in/infrastructure/activity-clubs.html]
[www.kccitm.edu.in/training-placement/about-placement-cell.html]
[www.kccitm.edu.in/training-placement/our-recruiters.html]
[www.kccitm.edu.in/training-placement/placement-policy.html]
[www.kccitm.edu.in/training-placement/placement-updates.html]
[www.kccitm.edu.in/training-placement/crc-infrastructure.html]
[www.kccitm.edu.in/training-placement/internship/training-placement/internship.html]
[www.kccitm.edu.in/training-placement/placement-record.html]
[www.kccitm.edu.in/training-placement/industrial-training.html]
[www.kccitm.edu.in/training-placement/industry-visits.html]
[www.kccitm.edu.in/training-placement/crc-team.html]
[www.kccitm.edu.in/news-and-announcements/image-gallery.html]
[www.kccitm.edu.in/news-and-announcements/video-gallery.html]
[www.kccitm.edu.in/news-and-announcements/student-testimonial.html]
[www.kccitm.edu.in/news-and-announcements/events.html]
[www.kccitm.edu.in/news-and-announcements.html]
[www.kccitm.edu.in/news-and-announcements/placement-updates.html]
[www.kccitm.edu.in/fuel2024.html]
[www.kccitm.edu.in/orientation.html]
[www.kccitm.edu.in/contact.html]
[web-in21.mxradon.com/t/Tracker.js]
[www.kccitm.edu.in/handler.jpg]
[www.kccitm.edu.in/training-placement/personality-development-program/index.html]
[www.kccitm.edu.in/placements/industry-academia.html]
[www.kccitm.edu.in/images/refresh.png]
[www.kccitm.edu.in/images/loading.gif]
[www.kccitm.edu.in/images/ug-program-img1.webp]
[www.kccitm.edu.in/images/calender-icon.webp]
[www.kccitm.edu.in/images/ug-program-img2.webp]
[www.kccitm.edu.in/images/pg-program-img1.webp]
[www.kccitm.edu.in/courses/b-tech/index.html]
[www.kccitm.edu.in/images/pg-program-img2.webp]
[www.kccitm.edu.in/images/cr-1a.webp]
[www.kccitm.edu.in/images/cr-1b.webp]
[www.kccitm.edu.in/images/cr-2.webp]
[www.kccitm.edu.in/images/cr-3.webp]
[www.kccitm.edu.in/images/cr-4.webp]
[www.kccitm.edu.in/images/cr-5.webp]
[www.kccitm.edu.in/images/social-impact-1.webp]
[www.kccitm.edu.in/images/social-impact-2.webp]
[www.kccitm.edu.in/images/social-impact-3.webp]
[www.kccitm.edu.in/images/social-impact-4.webp]
[www.kccitm.edu.in/images/social-impact-5.webp]
[www.kccitm.edu.in/images/industry-exposure-1.webp]
[www.kccitm.edu.in/images/industry-exposure-2.webp]
[www.kccitm.edu.in/images/industry-exposure-3.webp]
[www.kccitm.edu.in/images/industry-exposure-4.webp]
[www.kccitm.edu.in/images/industry-exposure-5.webp]
[www.kccitm.edu.in/images/eclectic-stack-1.webp]
[www.kccitm.edu.in/images/eclectic-stack-2.webp]
[www.kccitm.edu.in/images/eclectic-stack-3.webp]
[www.kccitm.edu.in/images/eclectic-stack-4.webp]
[www.kccitm.edu.in/images/eclectic-stack-5.webp]
[www.kccitm.edu.in/images/culture-diversity-1.webp]
[www.kccitm.edu.in/images/culture-diversity-2.webp]
[www.kccitm.edu.in/images/culture-diversity-3.webp]
[www.kccitm.edu.in/images/culture-diversity-4.webp]
[www.kccitm.edu.in/images/culture-diversity-5.webp]
[www.kccitm.edu.in/images/ins-1.webp]
[www.kccitm.edu.in/images/ins-2.webp]
[www.kccitm.edu.in/images/ins-3.webp]
[www.kccitm.edu.in/images/ins-4.webp]
[www.kccitm.edu.in/images/ins-5.webp]
[www.kccitm.edu.in/images/ins-6.webp]
[www.kccitm.edu.in/images/ins-7.webp]
[www.kccitm.edu.in/images/ins-8.webp]
[www.kccitm.edu.in/images/career-impact-1.webp]
[www.kccitm.edu.in/images/career-impact-2.webp]
[www.kccitm.edu.in/images/career-impact-3.webp]
[www.kccitm.edu.in/images/career-impact-4.webp]
[www.kccitm.edu.in/images/career-impact-5.webp]
[www.kccitm.edu.in/images/career-impact-6.webp]
[www.kccitm.edu.in/images/career-impact-7.webp]
[www.kccitm.edu.in/images/career-impact-8.webp]
[www.kccitm.edu.in/images/career-impact-9.webp]
[www.kccitm.edu.in/images/enterp-1.webp]
[www.kccitm.edu.in/images/enterp-2.webp]
[www.kccitm.edu.in/images/enterp-3.webp]
[www.kccitm.edu.in/images/enterp-4.webp]
[www.kccitm.edu.in/images/enterp-5.webp]
[www.kccitm.edu.in/images/enterp-6.webp]
[www.kccitm.edu.in/images/legend-1a.webp]
[www.kccitm.edu.in/images/legend-1b.webp]
[www.kccitm.edu.in/images/ajai_chowdhry.webp]
[www.kccitm.edu.in/images/smt-maneka-gandhi.webp]
[www.kccitm.edu.in/images/legend-4.webp]
[www.kccitm.edu.in/images/shri-sumit-awasthi.webp]
[www.kccitm.edu.in/images/justice-gs-sistani.webp]
[www.kccitm.edu.in/images/place-recruiter-1.webp]
[www.kccitm.edu.in/images/place-recruiter-2.webp]
[www.kccitm.edu.in/images/place-recruiter-3.webp]
[www.kccitm.edu.in/images/place-recruiter-4.webp]
[www.kccitm.edu.in/images/place-recruiter-5.webp]
[www.kccitm.edu.in/images/place-recruiter-6.webp]
[www.kccitm.edu.in/images/place-recruiter-7.webp]
[www.kccitm.edu.in/images/place-recruiter-8.webp]
[www.kccitm.edu.in/images/place-recruiter-9.webp]
[www.kccitm.edu.in/images/place-recruiter-10.webp]
[www.kccitm.edu.in/images/place-recruiter-11.webp]
[www.kccitm.edu.in/images/place-recruiter-12.webp]
[www.kccitm.edu.in/images/place-recruiter-13.webp]
[www.kccitm.edu.in/images/place-recruiter-14.webp]
[www.kccitm.edu.in/images/place-recruiter-15.webp]
[www.kccitm.edu.in/images/place-recruiter-16.webp]
[www.kccitm.edu.in/images/place-recruiter-17.webp]
[www.kccitm.edu.in/images/place-recruiter-18.webp]
[www.kccitm.edu.in/images/place-recruiter-19.webp]
[www.kccitm.edu.in/images/place-recruiter-20.webp]
[www.kccitm.edu.in/images/place-recruiter-21.webp]
[www.kccitm.edu.in/images/place-recruiter-22.webp]
[www.kccitm.edu.in/images/place-recruiter-23.webp]
[www.kccitm.edu.in/images/culture-1.webp]
[www.kccitm.edu.in/images/culture-2.webp]
[www.kccitm.edu.in/images/culture-3.webp]
[www.kccitm.edu.in/images/culture-4.webp]
[www.kccitm.edu.in/images/culture-5.webp]
[www.kccitm.edu.in/images/culture-6.webp]
[www.kccitm.edu.in/images/culture-7.webp]
[www.kccitm.edu.in/images/culture-8.webp]
[www.kccitm.edu.in/images/location-way.webp]
[www.kccitm.edu.in/images/payal-teotia.webp]
[www.kccitm.edu.in/images/indraneel-mandal.webp]
[www.kccitm.edu.in/images/nishit-ranjan-chaki.webp]
[www.kccitm.edu.in/images/akanksha-singh.webp]
[www.kccitm.edu.in/images/balak-ram.webp]
[www.kccitm.edu.in/images/abhilasha-sisodia.webp]
[www.kccitm.edu.in/images/divya-rana.webp]
[www.kccitm.edu.in/pdf/mq-admission-notice-2025-26.pdf]
[www.kccitm.edu.in/pdf/mgt-quota-list-applied-stud-2025-26.pdf]
[www.kccitm.edu.in/pdf/mq-ba-llb-bba-llb-admitted-students-list.pdf]
[www.kccitm.edu.in/pdf/mq-ba-llb-bba-llb-applied-students-list.pdf]
[www.kccitm.edu.in/pdf/kcc-eoa.pdf]
[www.kccitm.edu.in/pdf/kccitm_mandatory_disclosure.pdf]
[www.kccitm.edu.in/careers-at-kcc.html]
[www.kccitm.edu.in/research-development.html]
[www.kccitm.edu.in/training-placement.html]
[www.kccitm.edu.in/pdf/academic_audit_2023-24.pdf]
[www.kccitm.edu.in/icemdgt/index.html]
[www.kccitm.edu.in/ilhe-grievance-cell.html]
[www.kccitm.edu.in/privacy-policy.html]
[www.kccitm.edu.in/cookies-policy.html]
[www.kccitm.edu.in/terms-conditions.html]
[widgets.in5.nopaperforms.com/emwgts.html]
[in5cdn.npfs.co/js/widget/npfwpopup.js]
[www.kccitm.edu.in/sitemap.html]
[www.kccitm.edu.in/vendor/jquery/jquery.min.js]
[www.kccitm.edu.in/vendor/popper/popper.min.js]
[www.kccitm.edu.in/vendor/bootstrap/js/bootstrap.min.js]
[www.kccitm.edu.in/vendor/jquery-easing/jquery.easing.min.js]
[www.kccitm.edu.in/js/owl.carousel.min.js]
[www.kccitm.edu.in/js/aos.js]
[www.kccitm.edu.in/js/index.js]
[www.kccitm.edu.in/index.html]
[www.kccitm.edu.in/vendor/bootstrap/css/bootstrap.min.css]
[cdnjs.cloudflare.com/ajax/libs/font-awesome/6.7.2/css/all.min.css]
[cdn.linearicons.com/free/1.0.0/icon-font.min.css]
[cdn.linearicons.com/free/1.0.0/Linearicons-Free.eot]
[www.kccitm.edu.in/images/search-icon.png]
[www.kccitm.edu.in/images/sprite.webp]
[www.kccitm.edu.in/images/pin.png]
[www.kccitm.edu.in/images/video-icon.webp]
[www.kccitm.edu.in/images/pin.webp]
[www.kccitm.edu.in/images/bg1.webp]
[www.kccitm.edu.in/images/contact-bg.png]
[www.kccitm.edu.in/images/dropdown-arrow.png]
[www.kccitm.edu.in/images/course-bg.webp]
[www.kccitm.edu.in/images/hostel-bg.jpg]
[www.kccitm.edu.in/images/bg1.png]
[www.kccitm.edu.in/images/logo-small-new.png]
[www.kccitm.edu.in/images/mba_banner3.jpg]
[www.kccitm.edu.in/css/style.css]
[www.kccitm.edu.in/css/aos.css]
[www.kccitm.edu.in/backoffice/assets/icons/cross1.png]
[www.kccitm.edu.in/backoffice/assets/icons/warning.gif]
[www.kccitm.edu.in/backoffice/assets/icons/tick.png]
[www.kccitm.edu.in/css/dynamic.css]
[www.kccitm.edu.in/css/owl.carousel.min.css]
[www.kccitm.edu.in/css/owl.theme.default.min.css]
[www.googletagmanager.com/gtm5445.html]
[connect.facebook.net/en_US/fbevents.js]
[www.kccitm.edu.in/webresource0ad0.css]
[www.kccitm.edu.in/webresourced59f.js]
[www.kccitm.edu.in/scriptresourcef590.js]
[www.kccitm.edu.in/scriptresource9a15.js]
[www.kccitm.edu.in/scriptresourceded4.js]
[www.kccitm.edu.in/clat-2026.html]
[www.kccitm.edu.in/ilhe/ipu-cet/index.html]
[www.kccitm.edu.in/css/colorbox.css]
[www.kccitm.edu.in/css/ajax_stylesheet.css]
[www.kccitm.edu.in/pdf/schedule-day_3-23-01-2026.pdf]
[www.kccitm.edu.in/images/pdf-icon.png]
[www.kccitm.edu.in/pdf/schedule-day_2-22-01-2026.pdf]
[www.kccitm.edu.in/pdf/schedule-day_1-21-01-2026.pdf]
[www.kccitm.edu.in/pdf/anugoonj-topics-for-debate-and-collage.pdf]
[www.kccitm.edu.in/pdf/anugoonj2026-rules-regulations.pdf]
[www.kccitm.edu.in/pdf/anugoonj2026-format-submitting-name-of-participants.xls]
[www.kccitm.edu.in/images/excel-icon.png]
[www.kccitm.edu.in/pdf/ac-details-deposit-prelims-fee.pdf]
[www.kccitm.edu.in/js/jquery.colorbox-min.js]
[www.kccitm.edu.in/js/main.js]
[www.kccitm.edu.in/anugoonj-2026.html]
[www.kccitm.edu.in/ilhe/ipu-bba.html]
[www.kccitm.edu.in/ilhe/ipu-bca.html]
[www.kccitm.edu.in/images/bjmc-course.jpg]
[www.kccitm.edu.in/pdf/medieval-2018-2019.pdf]
[www.kccitm.edu.in/pdf/medieval-2019-2020.pdf]
[www.kccitm.edu.in/pdf/darpan-vol-i-issue-i.pdf]
[www.kccitm.edu.in/pdf/darpan-vol-i-issue-ii.pdf]
[www.kccitm.edu.in/pdf/darpan-vol-ii-issue-i.pdf]
[www.kccitm.edu.in/pdf/darpan-vol-ii-issue-ii.pdf]
[www.kccitm.edu.in/about-us/why-kcc.html]
[www.kccitm.edu.in/images/course-logo2.webp]
[www.kccitm.edu.in/images/course-logo3.webp]
[www.kccitm.edu.in/images/course-logo4.webp]
[www.kccitm.edu.in/images/course-logo5.webp]
[www.kccitm.edu.in/images/course-logo6.webp]
[www.kccitm.edu.in/images/course-logo7.webp]
[www.kccitm.edu.in/images/course-logo8.webp]
[www.kccitm.edu.in/images/course-logo9.webp]
[www.kccitm.edu.in/images/course-logo10.webp]
[www.kccitm.edu.in/images/course-logo11.webp]
[www.kccitm.edu.in/images/course-logo12.webp]
[www.kccitm.edu.in/images/course-logo13.webp]
[www.kccitm.edu.in/images/recruiters-logo1.webp]
[www.kccitm.edu.in/images/recruiters-logo2.webp]
[www.kccitm.edu.in/images/recruiters-logo3.webp]
[www.kccitm.edu.in/images/recruiters-logo4.webp]
[www.kccitm.edu.in/images/recruiters-logo16.webp]
[www.kccitm.edu.in/images/recruiters-logo6.webp]
[www.kccitm.edu.in/images/recruiters-logo7.webp]
[www.kccitm.edu.in/images/recruiters-logo8.webp]
[www.kccitm.edu.in/images/recruiters-logo9.webp]
[www.kccitm.edu.in/images/recruiters-logo10.webp]
[www.kccitm.edu.in/images/recruiters-logo11.webp]
[www.kccitm.edu.in/images/recruiters-logo12.webp]
[www.kccitm.edu.in/images/recruiters-logo13.webp]
[www.kccitm.edu.in/images/recruiters-logo14.webp]
[www.kccitm.edu.in/images/recruiters-logo17.webp]
[www.kccitm.edu.in/images/recruiters-logo18.webp]
[www.kccitm.edu.in/images/recruiters-logo19.webp]
[www.kccitm.edu.in/images/recruiters-logo20.webp]
[www.kccitm.edu.in/ilhe/ipu-bjmc.html]
[www.kccitm.edu.in/ilhe/ipu-bcom.html]
[www.kccitm.edu.in/images/llb-course2.jpg]
[www.kccitm.edu.in/images/llb-course3.jpg]
[www.kccitm.edu.in/images/llb-course4.jpg]
[www.kccitm.edu.in/images/llb-course5.jpg]
[www.kccitm.edu.in/images/llb-course1.jpg]
[www.kccitm.edu.in/ilhe/ipu-cet-ba-llb.html]
[www.kccitm.edu.in/ilhe/ipu-cet-bba-llb.html]
[www.kccitm.edu.in/courses/mba-admissions-greater-noida.html]
[www.kccitm.edu.in/images/scholarship-img.jpg]
[www.kccitm.edu.in/scholarship/index.html]
[www.kccitm.edu.in/testimonials.html]
[www.kccitm.edu.in/careers-at-kcc/index.html]
[www.kccitm.edu.in/alumni-network/images/favicon.ico]
[www.kccitm.edu.in/alumni-network/css/owl.carousel.min.css]
[www.kccitm.edu.in/alumni-network/css/bootstrap.min.css]
[cdnjs.cloudflare.com/ajax/libs/font-awesome/6.4.2/css/all.min.css]
[cdn.jsdelivr.net/npm/@fancyapps/ui/dist/fancybox.css]
[www.kccitm.edu.in/alumni-network/css/style.css]
[www.kccitm.edu.in/alumni-network/css/responsive.css]
[www.kccitm.edu.in/alumni-network/images/kcc-logo.webp]
[www.kccitm.edu.in/alumni-network/images/alumni-home-banner-4.webp]
[www.kccitm.edu.in/alumni-network/images/alumni-home-banner-5.webp]
[www.kccitm.edu.in/alumni-network/images/alumni-home-banner-6.webp]
[www.kccitm.edu.in/alumni-network/achievers.html]
[www.kccitm.edu.in/alumni-network/images/1_achiv_megha-silwal.webp]
[www.kccitm.edu.in/alumni-network/images/2_achiv_swapna-nisha.webp]
[www.kccitm.edu.in/alumni-network/images/3_achiv_shubham-taneja.webp]
[www.kccitm.edu.in/alumni-network/images/4_achiv_smriti-jha.webp]
[www.kccitm.edu.in/alumni-network/images/5_achiv_shikhar-gupta.webp]
[www.kccitm.edu.in/alumni-network/images/6_achiv_deepali-singh.webp]
[www.kccitm.edu.in/alumni-network/images/alumni2025-1.webp]
[www.kccitm.edu.in/alumni-network/images/alumni2025-2.webp]
[www.kccitm.edu.in/alumni-network/images/alumni2025-3.webp]
[www.kccitm.edu.in/alumni-network/images/alumni2025-4.webp]
[www.kccitm.edu.in/alumni-network/images/alumni2025-5.webp]
[www.kccitm.edu.in/alumni-network/images/alumni2025-6.webp]
[www.kccitm.edu.in/alumni-network/images/alumni2024-1.webp]
[www.kccitm.edu.in/alumni-network/images/alumni2024-2.webp]
[www.kccitm.edu.in/alumni-network/images/alumni2024-3.webp]
[www.kccitm.edu.in/alumni-network/images/alumni2024-4.webp]
[www.kccitm.edu.in/alumni-network/images/alumni2024-5.webp]
[www.kccitm.edu.in/alumni-network/images/alumni2024-6.webp]
[www.kccitm.edu.in/alumni-network/images/alumni2023-1.webp]
[www.kccitm.edu.in/alumni-network/images/alumni2023-2.webp]
[www.kccitm.edu.in/alumni-network/images/alumni2023-3.webp]
[www.kccitm.edu.in/alumni-network/images/alumni2023-4.webp]
[www.kccitm.edu.in/alumni-network/images/alumni2023-5.webp]
[www.kccitm.edu.in/alumni-network/images/alumni2023-6.webp]
[www.kccitm.edu.in/alumni-network/images/alumni2022-1.webp]
[www.kccitm.edu.in/alumni-network/images/alumni2022-2.webp]
[www.kccitm.edu.in/alumni-network/images/alumni2022-3.webp]
[www.kccitm.edu.in/alumni-network/images/alumni2022-4.webp]
[www.kccitm.edu.in/alumni-network/images/alumni2022-5.webp]
[www.kccitm.edu.in/alumni-network/images/alumni2022-6.webp]
[www.kccitm.edu.in/alumni-network/images/alumni-talk-1.webp]
[www.kccitm.edu.in/alumni-network/images/alumni-talk-2.webp]
[www.kccitm.edu.in/alumni-network/images/alumni-talk-3.webp]
[www.kccitm.edu.in/alumni-network/images/alumni-talk-4.webp]
[www.kccitm.edu.in/alumni-network/images/alumni-talk-5.webp]
[www.kccitm.edu.in/alumni-network/images/top-st-1.webp]
[www.kccitm.edu.in/alumni-network/images/top-st-2.webp]
[www.kccitm.edu.in/alumni-network/images/top-st-3.webp]
[www.kccitm.edu.in/alumni-network/images/st-1-aditya-gadhvi.webp]
[www.kccitm.edu.in/alumni-network/images/st-2-raja-rahul-ray.webp]
[www.kccitm.edu.in/alumni-network/images/st-3-prakash.webp]
[www.kccitm.edu.in/alumni-network/images/st-4-rajnish-singh.webp]
[www.kccitm.edu.in/alumni-network/images/st-5-ishan-verma.webp]
[www.kccitm.edu.in/alumni-network/images/st-6-nitya-dwivedi.webp]
[www.kccitm.edu.in/alumni-network/images/st-7-shivani.webp]
[www.kccitm.edu.in/alumni-network/images/st-8-simran-suri.webp]
[www.kccitm.edu.in/alumni-network/alumni.html]
[www.kccitm.edu.in/alumni-network/images/alumni-meet2025.webp]
[www.kccitm.edu.in/alumni-network/images/alumni-meet2024.webp]
[www.kccitm.edu.in/alumni-network/images/celebrating-alumi-f1-lg.webp]
[www.kccitm.edu.in/alumni-network/images/celebrating-alumi-f1.webp]
[www.kccitm.edu.in/alumni-network/images/celebrating-alumi-2-lg.webp]
[www.kccitm.edu.in/alumni-network/images/celebrating-alumi-2.webp]
[www.kccitm.edu.in/alumni-network/images/celebrating-alumi-4-lg.webp]
[www.kccitm.edu.in/alumni-network/images/celebrating-alumi-4.webp]
[www.kccitm.edu.in/alumni-network/images/celebrating-alumi-5-lg.webp]
[www.kccitm.edu.in/alumni-network/images/celebrating-alumi-5.webp]
[www.kccitm.edu.in/alumni-network/images/celebrating-alumi-3-lg.webp]
[www.kccitm.edu.in/alumni-network/images/celebrating-alumi-3.webp]
[www.kccitm.edu.in/alumni-network/images/celebrating-alumi-3a-lg.webp]
[www.kccitm.edu.in/alumni-network/images/celebrating-alumi-3a.webp]
[www.kccitm.edu.in/alumni-network/images/celebrating-alumi-3b-lg.webp]
[www.kccitm.edu.in/alumni-network/images/celebrating-alumi-3b.webp]
[www.kccitm.edu.in/alumni-network/images/celebrating-alumi-3c-lg.webp]
[www.kccitm.edu.in/alumni-network/images/celebrating-alumi-3c.webp]
[www.kccitm.edu.in/alumni-network/images/celebrating-alumi-31-lg.webp]
[www.kccitm.edu.in/alumni-network/images/celebrating-alumi-31.webp]
[www.kccitm.edu.in/alumni-network/images/celebrating-alumi-32-lg.webp]
[www.kccitm.edu.in/alumni-network/images/celebrating-alumi-32.webp]
[www.kccitm.edu.in/alumni-network/images/celebrating-alumi-6-lg.webp]
[www.kccitm.edu.in/alumni-network/images/celebrating-alumi-6.webp]
[www.kccitm.edu.in/alumni-network/images/celebrating-alumi-7-lg.webp]
[www.kccitm.edu.in/alumni-network/images/celebrating-alumi-7.webp]
[www.kccitm.edu.in/alumni-network/images/celebrating-alumi-r1-lg.webp]
[www.kccitm.edu.in/alumni-network/images/celebrating-alumi-r1.webp]
[www.kccitm.edu.in/alumni-network/images/celebrating-alumi-r1a-lg.webp]
[www.kccitm.edu.in/alumni-network/images/celebrating-alumi-r1a.webp]
[www.kccitm.edu.in/alumni-network/images/celebrating-alumi-r2-lg.webp]
[www.kccitm.edu.in/alumni-network/images/celebrating-alumi-r2.webp]
[www.kccitm.edu.in/alumni-network/images/celebrating-alumi-r2-1-lg.webp]
[www.kccitm.edu.in/alumni-network/images/celebrating-alumi-r2-1.webp]
[www.kccitm.edu.in/alumni-network/images/celebrating-alumi-r2-2-lg.webp]
[www.kccitm.edu.in/alumni-network/images/celebrating-alumi-r2-2.webp]
[www.kccitm.edu.in/alumni-network/images/celebrating-alumi-r2-3-lg.webp]
[www.kccitm.edu.in/alumni-network/images/celebrating-alumi-r2-3.webp]
[www.kccitm.edu.in/alumni-network/images/celebrating-alumi-r2-4-lg.webp]
[www.kccitm.edu.in/alumni-network/images/celebrating-alumi-r2-4.webp]
[www.kccitm.edu.in/alumni-network/images/celebrating-alumi-r3a-lg.webp]
[www.kccitm.edu.in/alumni-network/images/celebrating-alumi-r3a.webp]
[www.kccitm.edu.in/alumni-network/images/celebrating-alumi-r3b-lg.webp]
[www.kccitm.edu.in/alumni-network/images/celebrating-alumi-r3b.webp]
[www.kccitm.edu.in/alumni-network/images/celebrating-alumi-r4a-lg.webp]
[www.kccitm.edu.in/alumni-network/images/celebrating-alumi-r4a.webp]
[www.kccitm.edu.in/alumni-network/images/celebrating-alumi-r4b-lg.webp]
[www.kccitm.edu.in/alumni-network/images/celebrating-alumi-r4b.webp]
[www.kccitm.edu.in/alumni-network/js/bootstrap.bundle.min.js]
[www.kccitm.edu.in/alumni-network/js/jquery.min.js]
[www.kccitm.edu.in/alumni-network/js/popper/popper.min.js]
[www.kccitm.edu.in/alumni-network/js/owl.carousel.js]
[cdn.jsdelivr.net/npm/@fancyapps/ui/dist/fancybox.umd.js]
[www.kccitm.edu.in/alumni-network/js/main.js]
[www.kccitm.edu.in/alumni-network/index.html]
[www.kccitm.edu.in/about-us/kcc-mission-and-vision.html]
[www.kccitm.edu.in/js/pinterest_grid.js]
[www.kccitm.edu.in/js/main2.js]
[www.kccitm.edu.in/about-us/chairman-message.html]
[www.kccitm.edu.in/about-us/vice-chairpersons-message.html]
[www.kccitm.edu.in/uploads/image/12imguf_kcccampus.jpg]
[www.kccitm.edu.in/about-us/greater-noida-delhi-ncr-great-city.html]
[www.kccitm.edu.in/uploads/banner/83_about_kcc-group-banner.jpg]
[www.kccitm.edu.in/images/about-img1.jpg]
[www.kccitm.edu.in/images/about-img2.jpg]
[www.kccitm.edu.in/images/about-img3.jpg]
[www.kccitm.edu.in/images/about-img4.jpg]
[www.kccitm.edu.in/images/about-img5.jpg]
[www.kccitm.edu.in/images/best-hostels-in-greater-noida.jpg]
[www.kccitm.edu.in/images/abkcc-1.jpg]
[www.kccitm.edu.in/images/abkcc-2.jpg]
[www.kccitm.edu.in/images/abkcc-3.jpg]
[www.kccitm.edu.in/images/abkcc-4.jpg]
[www.kccitm.edu.in/images/abkcc-5.jpg]
[www.kccitm.edu.in/images/abkcc-6.jpg]
[www.kccitm.edu.in/images/abkcc-7.jpg]
[www.kccitm.edu.in/images/abkcc-8.jpg]
[www.kccitm.edu.in/images/abkcc-9.jpg]
[www.kccitm.edu.in/images/abkcc-10.jpg]
[www.kccitm.edu.in/images/abkcc-11.jpg]
[www.kccitm.edu.in/images/abkcc-12.jpg]
[www.kccitm.edu.in/images/abkcc-13.jpg]
[www.kccitm.edu.in/images/abkcc-14.jpg]
[www.kccitm.edu.in/images/abkcc-15.jpg]
[www.kccitm.edu.in/about-us/kcc-group.html]
[www.kccitm.edu.in/uploads/smallimages/6adv_dummy_male.jpg]
[www.kccitm.edu.in/uploads/smallimages/1adv_dummy_male.jpg]
[www.kccitm.edu.in/uploads/smallimages/2adv_dummy_male.jpg]
[www.kccitm.edu.in/uploads/smallimages/3adv_dummy_male.jpg]
[www.kccitm.edu.in/uploads/smallimages/4adv_dummy_male.jpg]
[www.kccitm.edu.in/uploads/smallimages/5adv_dummy_male.jpg]
[www.kccitm.edu.in/about-us/governing-council.html]
[www.kccitm.edu.in/images/ip-logo-img.png]
[www.kccitm.edu.in/images/ranking-img.png]
[www.kccitm.edu.in/images/ranking-img3.png]
[www.kccitm.edu.in/images/ranking-img4.png]
[www.kccitm.edu.in/images/ranking-img5.png]
[www.kccitm.edu.in/about-us/kcc-institute-technology-management-ranking.html]
[www.kccitm.edu.in/images/anti-ragging.jpg]
[www.kccitm.edu.in/about-us/anti-ragging-act.html]
[www.kccitm.edu.in/academics/departments.html]
[www.kccitm.edu.in/uploads/image/107imguf_academiccalendar.pdf]
[www.kccitm.edu.in/academics/academic-calendar.html]
[www.kccitm.edu.in/images/teaching-pedagogy-img.webp]
[www.kccitm.edu.in/images/teaching-pedagogy-img2.webp]
[www.kccitm.edu.in/images/teaching-pedagogy-img3.webp]
[www.kccitm.edu.in/images/teaching-pedagogy-img4.webp]
[www.kccitm.edu.in/images/teaching-pedagogy-img5.webp]
[www.kccitm.edu.in/images/teaching-pedagogy-img6.webp]
[www.kccitm.edu.in/images/teaching-pedagogy-img7.webp]
[www.kccitm.edu.in/images/teaching-pedagogy-img8.webp]
[www.kccitm.edu.in/academics/teaching-pedagogy.html]
[www.kccitm.edu.in/academics/faculty.html]
[www.kccitm.edu.in/images/examination-img.jpg]
[www.kccitm.edu.in/academics/examination.html]
[www.kccitm.edu.in/images/autodesk.jpg]
[www.kccitm.edu.in/images/texas-instruments.jpg]
[www.kccitm.edu.in/images/eyantra.jpg]
[www.kccitm.edu.in/images/red-hat.jpg]
[www.kccitm.edu.in/images/cisco-networking.jpg]
[www.kccitm.edu.in/images/oracle.jpg]
[www.kccitm.edu.in/images/microsoft-it.jpg]
[www.kccitm.edu.in/images/logo1.jpg]
[www.kccitm.edu.in/images/microsoft-edu.jpg]
[www.kccitm.edu.in/images/nptel.jpg]
[www.kccitm.edu.in/academics/center-of-excellence.html]
[www.kccitm.edu.in/admission-process-kccitm.html]
[www.kccitm.edu.in/admissions/eligibility.html]
[www.kccitm.edu.in/admissions/admission-manger-kccitm.html]
[www.kccitm.edu.in/images/brochure.jpg]
[www.kccitm.edu.in/admissions/prospectus-download.html]
[www.kccitm.edu.in/admissions/payment-procedure.html]
[www.kccitm.edu.in/fee-structure.html]
[www.kccitm.edu.in/scriptresourcef189.axd]
[www.kccitm.edu.in/programs.html]
[www.kccitm.edu.in/under-graduate-engineering-programmes/index.html]
[www.kccitm.edu.in/courses/b-tech/btech-computer-science-and-engineering.html]
[www.kccitm.edu.in/courses/b-tech/b-tech-mechanical-engineering.html]
[www.kccitm.edu.in/courses/b-tech/b-tech-electronics-communication.html]
[www.kccitm.edu.in/courses/b-tech/b-tech-electrical-engineering.html]
[www.kccitm.edu.in/courses/b-tech/b-tech-civil-engineering.html]
[www.kccitm.edu.in/courses/b-tech/b-tech-information-technology.html]
[www.kccitm.edu.in/courses/b-tech/cse-internet-of-things.html]
[www.kccitm.edu.in/courses/b-tech/artificial-intelligence-and-machine-learning.html]
[www.kccitm.edu.in/courses/b-tech/data-sciences.html]
[www.kccitm.edu.in/courses/b-tech/btech-computer-science-and-information-technology.html]
[www.kccitm.edu.in/courses/b-tech/btech-computer-science-and-engineering-artificial-intelligence.html]
[www.kccitm.edu.in/courses/b-tech/btech-artificial-intelligence-and-machine-learning.html]
[www.kccitm.edu.in/courses/b-tech/btech-computer-science-hindi.html]
[www.kccitm.edu.in/kcc-ilhe.html]
[www.kccitm.edu.in/courses/m-tech/index.html]
[www.kccitm.edu.in/courses/m-tech/m-tech-electronics-communication-engineering.html]
[www.kccitm.edu.in/courses/m-tech/m-tech-mechanical-engineering.html]
[www.kccitm.edu.in/courses/m-tech/m-tech-in-computer-science-and-engineering.html]
[www.kccitm.edu.in/images/library1.jpg]
[www.kccitm.edu.in/images/library2.jpg]
[www.kccitm.edu.in/images/library3.jpg]
[www.kccitm.edu.in/images/library4.jpg]
[www.kccitm.edu.in/images/library5.jpg]
[www.kccitm.edu.in/images/library6.jpg]
[www.kccitm.edu.in/images/auditorium1.jpg]
[www.kccitm.edu.in/images/auditorium2.jpg]
[www.kccitm.edu.in/images/auditorium3.jpg]
[www.kccitm.edu.in/images/lecture-hall-img2.jpg]
[www.kccitm.edu.in/images/lecture-hall-img3.jpg]
[www.kccitm.edu.in/images/conference-rooms-img3.jpg]
[www.kccitm.edu.in/images/conference-rooms-img2.jpg]
[www.kccitm.edu.in/images/conference-rooms-img4.jpg]
[www.kccitm.edu.in/images/communication-lab-img1.jpg]
[www.kccitm.edu.in/images/academic_block_img2.jpg]
[www.kccitm.edu.in/images/it-infrastructure-img2.jpg]
[www.kccitm.edu.in/images/it-infrastructure-img3.jpg]
[www.kccitm.edu.in/images/it-infrastructure-img4.jpg]
[www.kccitm.edu.in/images/courtroom-1.jpg]
[www.kccitm.edu.in/images/courtroom-2.jpg]
[www.kccitm.edu.in/images/courtroom-3.jpg]
[www.kccitm.edu.in/images/courtroom-4.jpg]
[www.kccitm.edu.in/images/courtroom-5.jpg]
[www.kccitm.edu.in/images/saminar-room.jpg]
[www.kccitm.edu.in/infrastructure/academic-block.html]
[www.kccitm.edu.in/moot-courtroom.html]
[www.kccitm.edu.in/images/canteen-img1.jpg]
[www.kccitm.edu.in/images/canteen-img2.jpg]
[www.kccitm.edu.in/images/canteen-img3.jpg]
[www.kccitm.edu.in/images/transport-img2.jpg]
[www.kccitm.edu.in/images/audio-visual-img2.jpg]
[www.kccitm.edu.in/images/it-infrastructure-img.jpg]
[www.kccitm.edu.in/infrastructure/facilities.html]
[www.kccitm.edu.in/images/sport-img7.jpg]
[www.kccitm.edu.in/images/sport-img6.jpg]
[www.kccitm.edu.in/images/sport-tt-img.jpg]
[www.kccitm.edu.in/images/sport-img1.jpg]
[www.kccitm.edu.in/images/sport-img2.jpg]
[www.kccitm.edu.in/images/sport-fitness-img.jpg]
[www.kccitm.edu.in/images/sport-img3.jpg]
[www.kccitm.edu.in/images/sport-img4.jpg]
[www.kccitm.edu.in/images/sport-cricket-img.jpg]
[www.kccitm.edu.in/images/sport-img5.jpg]
[www.kccitm.edu.in/infrastructure/sports-complex.html]
[www.kccitm.edu.in/images/film-img.jpg]
[www.kccitm.edu.in/images/theatre-img.jpg]
[www.kccitm.edu.in/images/quiz-img.jpg]
[www.kccitm.edu.in/images/fashion-img.jpg]
[www.kccitm.edu.in/images/sport-society-img.jpg]
[www.kccitm.edu.in/images/music-img.jpg]
[www.kccitm.edu.in/images/fine-art-img.jpg]
[www.kccitm.edu.in/images/dance-img.jpg]
[www.kccitm.edu.in/images/technical-img.jpg]
[www.kccitm.edu.in/infrastructure/activity-clubs.html]
[www.kccitm.edu.in/uploads/image/13imguf_placementupdate.jpg]
[www.kccitm.edu.in/uploads/image/14imguf_placementupdate1.jpg]
[www.kccitm.edu.in/uploads/image/15imguf_placementupdate2.jpg]
[www.kccitm.edu.in/uploads/image/16imguf_placementupdate3.jpg]
[www.kccitm.edu.in/uploads/image/17imguf_placementupdate4.jpg]
[www.kccitm.edu.in/uploads/image/18imguf_placementupdate5.jpg]
[www.kccitm.edu.in/uploads/image/19imguf_placementupdate6.jpg]
[www.kccitm.edu.in/uploads/image/20imguf_placementupdate7.jpg]
[www.kccitm.edu.in/uploads/image/21imguf_placementupdate8.jpg]
[www.kccitm.edu.in/uploads/image/22imguf_placementupdate9.jpg]
[www.kccitm.edu.in/uploads/image/23imguf_placementupdate10.jpg]
[www.kccitm.edu.in/training-placement/about-placement-cell.html]
[www.kccitm.edu.in/images/training-placements-logo1.jpg]
[www.kccitm.edu.in/images/training-placements-logo2.jpg]
[www.kccitm.edu.in/images/training-placements-logo3.jpg]
[www.kccitm.edu.in/images/training-placements-logo4.jpg]
[www.kccitm.edu.in/images/training-placements-logo5.jpg]
[www.kccitm.edu.in/images/training-placements-logo6.jpg]
[www.kccitm.edu.in/images/training-placements-logo7.jpg]
[www.kccitm.edu.in/images/training-placements-logo8.jpg]
[www.kccitm.edu.in/images/training-placements-logo9.jpg]
[www.kccitm.edu.in/images/training-placements-logo10.jpg]
[www.kccitm.edu.in/images/training-placements-logo11.jpg]
[www.kccitm.edu.in/images/training-placements-logo12.jpg]
[www.kccitm.edu.in/images/placement_logo1.jpg]
[www.kccitm.edu.in/images/placement_logo2.jpg]
[www.kccitm.edu.in/images/placement_logo3.jpg]
[www.kccitm.edu.in/images/placement_logo4.jpg]
[www.kccitm.edu.in/images/placement_logo5.jpg]
[www.kccitm.edu.in/images/placement_logo6.jpg]
[www.kccitm.edu.in/images/placement_logo7.jpg]
[www.kccitm.edu.in/images/placement_logo8.jpg]
[www.kccitm.edu.in/images/placement_logo9.jpg]
[www.kccitm.edu.in/images/placement_logo10.jpg]
[www.kccitm.edu.in/images/placement_logo11.jpg]
[www.kccitm.edu.in/images/placement_logo12.jpg]
[www.kccitm.edu.in/training-placement/our-recruiters.html]
[www.kccitm.edu.in/training-placement/placement-policy.html]
[www.kccitm.edu.in/training-placement/placement-updates.html]
[www.kccitm.edu.in/training-placement/crc-infrastructure.html]
[www.kccitm.edu.in/training-placement/internship/training-placement/internship.html]
[www.kccitm.edu.in/training-placement/placement-record.html]
[www.kccitm.edu.in/training-placement/industrial-training.html]
[www.kccitm.edu.in/images/industrial-visits-img1.jpg]
[www.kccitm.edu.in/images/industrial-visits-img2.jpg]
[www.kccitm.edu.in/images/industrial-visits-img3.jpg]
[www.kccitm.edu.in/images/industrial-visits-img4.jpg]
[www.kccitm.edu.in/images/industrial-visits-img5.jpg]
[www.kccitm.edu.in/images/industrial-visits-img6.jpg]
[www.kccitm.edu.in/images/industrial-visits-img7.jpg]
[www.kccitm.edu.in/images/industrial-visits-img8.jpg]
[www.kccitm.edu.in/images/industrial-visits-img9.jpg]
[www.kccitm.edu.in/images/industrial-visits-img10.jpg]
[www.kccitm.edu.in/images/industrial-visits-img11.jpg]
[www.kccitm.edu.in/training-placement/industry-visits.html]
[www.kccitm.edu.in/training-placement/crc-team.html]
[www.kccitm.edu.in/uploads/largeimages/62al_sports-day_18.webp]
[www.kccitm.edu.in/gallery/62/aktu-zonal-level-sports-fest-2025.html]
[www.kccitm.edu.in/uploads/largeimages/59al_8.jpg]
[www.kccitm.edu.in/gallery/59/fuel-2024-day-1.html]
[www.kccitm.edu.in/gallery/61/fuel-2024-day-3.html]
[www.kccitm.edu.in/uploads/largeimages/61al_999999999999(2).jpg]
[www.kccitm.edu.in/gallery/60/fuel-2024-day-2.html]
[www.kccitm.edu.in/uploads/largeimages/60al_3(2).jpg]
[www.kccitm.edu.in/uploads/largeimages/58al_mba-freshers-5.jpg]
[www.kccitm.edu.in/gallery/58/freshers-party-for-mba-batch.html]
[www.kccitm.edu.in/uploads/largeimages/57al_anugoonj-2024-6.jpg]
[www.kccitm.edu.in/gallery/57/cultural-extravaganza-anugoonj-2024-prelims-zone-2.html]
[www.kccitm.edu.in/uploads/largeimages/56al_inspiration-1.jpg]
[www.kccitm.edu.in/gallery/56/inspiration-23.html]
[www.kccitm.edu.in/uploads/largeimages/55al_g20-new-delhi-4.jpg]
[www.kccitm.edu.in/gallery/55/seminar-on-the-topic-‘the-g20-new-delhi-declaration_-key-takeaways-for-international-law-perspective.html]
[www.kccitm.edu.in/uploads/largeimages/54al_power-communication-2.jpg]
[www.kccitm.edu.in/news-and-announcements/image-gallery.html]
[www.kccitm.edu.in/gallery/54/guest-lecture-on-‘the-power-of-communication’.html]
[www.kccitm.edu.in/uploads/vedio/86vfile_sports-day_youtube.webp]
[www.kccitm.edu.in/uploads/vedio/85vfile_ins-gandhiji.webp]
[www.kccitm.edu.in/uploads/vedio/84vfile_video-dandiya-night.webp]
[www.kccitm.edu.in/uploads/vedio/75vfile_jdv-1.webp]
[www.kccitm.edu.in/uploads/vedio/76vfile_jdv-2.webp]
[www.kccitm.edu.in/uploads/vedio/80vfile_jdv-6.webp]
[www.kccitm.edu.in/uploads/vedio/81vfile_jdv-7.webp]
[www.kccitm.edu.in/uploads/vedio/83vfile_jdv-9.webp]
[www.kccitm.edu.in/uploads/vedio/77vfile_jdv-3.webp]
[www.kccitm.edu.in/uploads/vedio/78vfile_jdv-4.webp]
[www.kccitm.edu.in/uploads/vedio/79vfile_jdv-5.webp]
[www.kccitm.edu.in/uploads/vedio/82vfile_jdv-8.webp]
[www.kccitm.edu.in/uploads/vedio/64vfile_64vfile_shruti.webp]
[www.kccitm.edu.in/uploads/vedio/56vfile_56vfile_pranav-video.webp]
[www.kccitm.edu.in/uploads/vedio/67vfile_67vfile_tanshu.webp]
[www.kccitm.edu.in/uploads/vedio/57vfile_57vfile_ilhe-bba.webp]
[www.kccitm.edu.in/uploads/vedio/59vfile_nucleus.png]
[www.kccitm.edu.in/uploads/vedio/52vfile_showstopper.webp]
[www.kccitm.edu.in/uploads/vedio/58vfile_sameer.png]
[www.kccitm.edu.in/uploads/vedio/48vfile_kcc-img.jpg]
[www.kccitm.edu.in/uploads/vedio/28vfile_kcc-n1.jpg]
[www.kccitm.edu.in/uploads/vedio/30vfile_n_kcc-vd.jpg]
[www.kccitm.edu.in/uploads/vedio/33vfile_kcc-vd.jpg]
[www.kccitm.edu.in/uploads/vedio/50vfile_ankit-tiwari.webp]
[www.kccitm.edu.in/uploads/vedio/74vfile_74vfile_dance.webp]
[www.kccitm.edu.in/uploads/vedio/51vfile_fashion-frenz.webp]
[www.kccitm.edu.in/uploads/vedio/47vfile_vd-kcc.jpg]
[www.kccitm.edu.in/uploads/vedio/45vfile_kcc.jpg]
[www.kccitm.edu.in/uploads/vedio/31vfile_v-kcc.jpg]
[www.kccitm.edu.in/uploads/vedio/62vfile_rajasthan-tour.png]
[www.kccitm.edu.in/news-and-announcements/video-gallery.html]
[www.kccitm.edu.in/news-and-announcements/student-testimonial.html]
[www.kccitm.edu.in/news-and-announcements/events.html]
[www.kccitm.edu.in/news-and-announcements.html]
[www.kccitm.edu.in/news-and-announcements/placement-updates.html]
[www.kccitm.edu.in/fuel2024.html]
[kit.fontawesome.com/a076d05399.3bd.delayed]
[www.kccitm.edu.in/images/orientation-data/bhavna-agarwal-directors-pic.jpg]
[www.kccitm.edu.in/images/orientation-data/college-life-image.jpg]
[www.kccitm.edu.in/images/legal-edu-5.jpg]
[www.kccitm.edu.in/images/op-tech-8.jpg]
[www.kccitm.edu.in/images/orientation-data/thespian.jpg]
[www.kccitm.edu.in/images/orientation-data/glitz.jpg]
[www.kccitm.edu.in/images/orientation-data/shutterbugs.jpg]
[www.kccitm.edu.in/images/orientation-data/melomania.jpg]
[www.kccitm.edu.in/images/orientation-data/bibliophile-literary.jpg]
[www.kccitm.edu.in/images/orientation-data/sportsvilla.jpg]
[www.kccitm.edu.in/images/orientation-data/sway-dance.jpg]
[www.kccitm.edu.in/images/orientation-data/techstars-technical.jpg]
[www.kccitm.edu.in/images/orientation-data/art-attack.jpg]
[www.kccitm.edu.in/images/orientation-data/bizhive-entrepreneurship.jpg]
[www.kccitm.edu.in/images/orientation-data/prayas.jpg]
[www.kccitm.edu.in/images/orientation-data/admission-verification-form.pdf]
[www.kccitm.edu.in/images/orientation-data/anti-ragging-undertaking-by-the-parents.pdf]
[www.kccitm.edu.in/images/orientation-data/anti-ragging-undertaking-by-the-students.pdf]
[www.kccitm.edu.in/orientation.html]
[www.kccitm.edu.in/contact.html]
[www.kccitm.edu.in/placements/industry-academia.html]
[www.kccitm.edu.in/image-gallery818f.html]
[www.kccitm.edu.in/video-gallerybe3f.html]
[www.kccitm.edu.in/images/a-icn1.png]
[www.kccitm.edu.in/images/a-icn2.png]
[www.kccitm.edu.in/images/a-icn3.png]
[www.kccitm.edu.in/images/a-icn4.png]
[www.kccitm.edu.in/images/a-icn5.png]
[www.kccitm.edu.in/images/per-img1.jpg]
[www.kccitm.edu.in/images/per-img2.jpg]
[www.kccitm.edu.in/images/per-img3.jpg]
[www.kccitm.edu.in/images/per-img4.jpg]
[www.kccitm.edu.in/images/per-img5.jpg]
[www.kccitm.edu.in/images/per-img6.jpg]
[www.kccitm.edu.in/images/per-img7.jpg]
[www.kccitm.edu.in/images/per-img8.jpg]
[www.kccitm.edu.in/images/per-img9.jpg]
[www.kccitm.edu.in/images/per-img10.jpg]
[www.kccitm.edu.in/images/per-img11.jpg]
[www.kccitm.edu.in/images/per-img12.jpg]
[www.kccitm.edu.in/images/per-img13.jpg]
[www.kccitm.edu.in/images/per-img14.jpg]
[www.kccitm.edu.in/images/per-img15.jpg]
[www.kccitm.edu.in/images/per-img16.jpg]
[www.kccitm.edu.in/images/per-img17.jpg]
[www.kccitm.edu.in/images/per-img18.jpg]
[www.kccitm.edu.in/training-placement/personality-development-program/index.html]
[www.kccitm.edu.in/404b292.html]
[www.kccitm.edu.in/news/508/placement-success-stories-at-kcc-institutes.html]
[www.kccitm.edu.in/news/146/campus-placement-drive-of-emicon-advisory-services.html]
[www.kccitm.edu.in/news/147/campus-placement-drive-of-extramarks.html]
[www.kccitm.edu.in/images/about_banner2.jpg]
[www.kccitm.edu.in/images/kcc-group-img1.jpg]
[www.kccitm.edu.in/images/kcc-group-img2.jpg]
[www.kccitm.edu.in/courses/b-tech/index.html]
[www.kccitm.edu.in/images/career-img.jpg]
[www.kccitm.edu.in/careers-at-kcc.html]
[www.kccitm.edu.in/images/research-img1.jpg]
[www.kccitm.edu.in/images/research-img2.jpg]
[www.kccitm.edu.in/research-development.html]
[www.kccitm.edu.in/images/training-placements-img.jpg]
[www.kccitm.edu.in/images/training-placements-img2.jpg]
[www.kccitm.edu.in/images/graph.jpg]
[www.kccitm.edu.in/training-placement.html]
[www.kccitm.edu.in/cuet-ug-2026.html]
[www.kccitm.edu.in/cat-exam-2025.html]
[www.kccitm.edu.in/jee-main-2026.html]
[www.kccitm.edu.in/icemdgt/font-awesome/css/font-awesome.min.css]
[www.kccitm.edu.in/icemdgt/css/bootstrap.min.css]
[www.kccitm.edu.in/icemdgt/css/owl.carousel.min.css]
[www.kccitm.edu.in/icemdgt/css/style.css]
[www.kccitm.edu.in/icemdgt/css/responsive.css]
[www.kccitm.edu.in/icemdgt/images/kcc-logo.webp]
[www.kccitm.edu.in/icemdgt/call-papers.html]
[www.kccitm.edu.in/icemdgt/registration-details.html]
[www.kccitm.edu.in/icemdgt/speaker-details.html]
[www.kccitm.edu.in/icemdgt/contact-us.html]
[www.kccitm.edu.in/icemdgt/images/main-banner.webp]
[www.kccitm.edu.in/icemdgt/images/ic-p1.webp]
[www.kccitm.edu.in/icemdgt/images/ic-p2.webp]
[www.kccitm.edu.in/icemdgt/images/ic-p3.webp]
[www.kccitm.edu.in/icemdgt/js/bootstrap.bundle.min.js]
[www.kccitm.edu.in/icemdgt/js/jquery.min.js]
[www.kccitm.edu.in/icemdgt/js/popper/popper.min.js]
[www.kccitm.edu.in/icemdgt/js/owl.carousel.js]
[www.kccitm.edu.in/icemdgt/js/main.js]
[www.kccitm.edu.in/icemdgt/index.html]
[www.kccitm.edu.in/pdf/student-grievance-form.pdf]
[www.kccitm.edu.in/pdf/procedure-for-redressal-of-gricance-by-the-grievance-redressal-committee.pdf]
[www.kccitm.edu.in/ilhe-grievance-cell.html]
[www.kccitm.edu.in/privacy-policy.html]
[www.kccitm.edu.in/cookies-policy.html]
[www.kccitm.edu.in/terms-conditions.html]
[www.kccitm.edu.in/sitemap.html]
[widgets.in5.nopaperforms.com/emwgts.html]
[www.kccitm.edu.in/images/warning.html]
[www.kccitm.edu.in/images/confirm.html]
[www.kccitm.edu.in/images/bult3.html]
[www.kccitm.edu.in/css/owl.video.play.html]
[www.kccitm.edu.in/signals/config/index.html]
[www.kccitm.edu.in/t.html]
[www.kccitm.edu.in/e.html]
[www.kccitm.edu.in/signals/plugins/index.html]
[www.kccitm.edu.in/schema.org/index.html]
[www.kccitm.edu.in/t-2.html]
[www.kccitm.edu.in/o.html]
[www.kccitm.edu.in/signals/iwl.html]
[www.kccitm.edu.in/signals/iwl0fc5.html]
[www.kccitm.edu.in/n.html]
[www.kccitm.edu.in/n-2.html]
[www.kccitm.edu.in/microsoftajaxwebforms.html]
[www.kccitm.edu.in/microsoftajaxserialization.html]
[www.kccitm.edu.in/microsoftajaxnetwork.html]
[www.kccitm.edu.in/images/overlay.png]
[www.kccitm.edu.in/images/controls.png]
[www.kccitm.edu.in/images/border.png]
[www.kccitm.edu.in/images/loading_background.png]
[www.kccitm.edu.in/css/colorbox.css]
[www.kccitm.edu.in/css/ajax_stylesheet.css]
[www.kccitm.edu.in/images/kcc-img_1.jpg]
[www.kccitm.edu.in/images/kcc-img6.jpg]
[www.kccitm.edu.in/images/kcc-approval.jpg]
[www.kccitm.edu.in/images/kcc-img_2.jpg]
[www.kccitm.edu.in/images/kcc-img_3.jpg]
[www.kccitm.edu.in/images/kcc-img2.jpg]
[www.kccitm.edu.in/images/kcc-img3.jpg]
[www.kccitm.edu.in/images/kcc-img4.jpg]
[www.kccitm.edu.in/images/kcc-img5.jpg]
[www.kccitm.edu.in/images/kcc-img_4.jpg]
[www.kccitm.edu.in/images/kcc-img1.jpg]
[www.kccitm.edu.in/about-us/why-kcc.html]
[www.kccitm.edu.in/ilhe/'/uploads/testimonialimage/4testi_smritisethi-11.html]
[www.kccitm.edu.in/ilhe/'/uploads/testimonialimage/31testi_sonalijangidcs2yr-22.html]
[www.kccitm.edu.in/alumni-network/css/bootstrap.min.css]
[www.kccitm.edu.in/alumni-network/css/owl.carousel.min.css]
[cdnjs.cloudflare.com/ajax/libs/font-awesome/6.4.2/css/all.min.css]
[cdn.jsdelivr.net/npm/@fancyapps/ui/dist/fancybox.css]
[www.kccitm.edu.in/alumni-network/css/style.css]
[www.kccitm.edu.in/alumni-network/css/responsive.css]
[www.kccitm.edu.in/alumni-network/font-awesome/css/font-awesome.min.css]
[www.kccitm.edu.in/alumni-network/images/8_achiv_shirin-tikoo.webp]
[www.kccitm.edu.in/alumni-network/images/9_achiv_vikash-kumar.webp]
[www.kccitm.edu.in/alumni-network/images/10_achiv_karuna-mangala.webp]
[www.kccitm.edu.in/alumni-network/images/11_achiv_samarth-seth.webp]
[www.kccitm.edu.in/alumni-network/images/12_achiv_abhishek-aggarwal.webp]
[www.kccitm.edu.in/alumni-network/images/13_achiv_mayank-gupta.webp]
[www.kccitm.edu.in/alumni-network/images/14_achiv_aditya-s-somvanshi.webp]
[www.kccitm.edu.in/alumni-network/images/15_achiv_k-g-nikhil.webp]
[www.kccitm.edu.in/alumni-network/images/16_achiv_neelam-singh.webp]
[www.kccitm.edu.in/alumni-network/images/17_achiv_raghav-marwah.webp]
[www.kccitm.edu.in/alumni-network/images/18_achiv_abhishek-sirohi.webp]
[www.kccitm.edu.in/alumni-network/images/19_achiv_bhawesh-tewari.webp]
[www.kccitm.edu.in/alumni-network/images/20_achiv_siddharth-behera.webp]
[www.kccitm.edu.in/alumni-network/images/21_achiv_rohit-bhargava.webp]
[www.kccitm.edu.in/alumni-network/images/22_achiv_syed-enayat-ali.webp]
[www.kccitm.edu.in/alumni-network/images/23_achiv_saurav-prateek.webp]
[www.kccitm.edu.in/alumni-network/images/24_achiv_ashish-k-banka.webp]
[www.kccitm.edu.in/alumni-network/images/25_achiv_siddharth-baluni.webp]
[www.kccitm.edu.in/alumni-network/images/26_achiv_manav-gupta.webp]
[www.kccitm.edu.in/alumni-network/images/27_achiv_neeti-arora.webp]
[www.kccitm.edu.in/alumni-network/images/28_achiv_prakash-singh-aery.webp]
[www.kccitm.edu.in/alumni-network/images/29_achiv_ayush-jain.webp]
[www.kccitm.edu.in/alumni-network/images/30_achiv_prajwal-singh.webp]
[www.kccitm.edu.in/alumni-network/images/31_achiv_lovely-sharma.webp]
[www.kccitm.edu.in/alumni-network/images/32_achiv_shubham-pandey.webp]
[www.kccitm.edu.in/alumni-network/images/33_achiv_ritika-kumari.webp]
[www.kccitm.edu.in/alumni-network/images/34_achiv_raghav-bedi.webp]
[www.kccitm.edu.in/alumni-network/images/35_achiv_zeeshan-hashimi.webp]
[www.kccitm.edu.in/alumni-network/images/36_achiv_mohit-bhimsaria.webp]
[www.kccitm.edu.in/alumni-network/images/37_achiv_ashish-saxena.webp]
[www.kccitm.edu.in/alumni-network/images/38_achiv_satyan-nayak.webp]
[www.kccitm.edu.in/alumni-network/images/39_achiv_rachit-chopra.webp]
[www.kccitm.edu.in/alumni-network/images/40_achiv_deepshikha-garg.webp]
[www.kccitm.edu.in/alumni-network/images/41_achiv_arjun-singh.webp]
[www.kccitm.edu.in/alumni-network/images/42_achiv_aditya-bhutani.webp]
[www.kccitm.edu.in/alumni-network/images/43_achiv_vikas-tiwari.webp]
[www.kccitm.edu.in/alumni-network/images/44_achiv_amit-k-panda.webp]
[www.kccitm.edu.in/alumni-network/images/45_achiv_parth-khanna.webp]
[www.kccitm.edu.in/alumni-network/images/46_achiv_moh-shehran-siddiqui.webp]
[www.kccitm.edu.in/alumni-network/images/47_achiv_isha-jain.webp]
[www.kccitm.edu.in/alumni-network/images/48_achiv_navdeep.webp]
[www.kccitm.edu.in/alumni-network/images/49_achiv_swati.webp]
[www.kccitm.edu.in/alumni-network/images/50_achiv_simran-chauhan.webp]
[www.kccitm.edu.in/alumni-network/images/51_achiv_abhishek-pandey.webp]
[www.kccitm.edu.in/alumni-network/images/52_achiv_deepansh-bhatnagar.webp]
[www.kccitm.edu.in/alumni-network/images/53_achiv_shahrukh-khan.webp]
[www.kccitm.edu.in/alumni-network/images/54_achiv_dipannita-chattarjee.webp]
[www.kccitm.edu.in/alumni-network/images/55_achiv_abhishek-rao.webp]
[www.kccitm.edu.in/alumni-network/images/57_achiv_atul-gupta.webp]
[www.kccitm.edu.in/alumni-network/images/58_achiv_shwetank-awasthi.webp]
[www.kccitm.edu.in/alumni-network/images/59_achiv_yashwant-vadali.webp]
[www.kccitm.edu.in/alumni-network/images/60_achiv_saksham-aggarwal.webp]
[www.kccitm.edu.in/alumni-network/images/61_achiv_rajnish-singh.webp]
[www.kccitm.edu.in/alumni-network/images/62_achiv_gulshan.webp]
[www.kccitm.edu.in/alumni-network/images/63_achiv_sakshi-dashora.webp]
[www.kccitm.edu.in/alumni-network/images/64_achiv_karan-vats.webp]
[www.kccitm.edu.in/alumni-network/images/65_achiv_ahinav-kumar.webp]
[www.kccitm.edu.in/alumni-network/images/66_achiv_pankaj-sharma.webp]
[www.kccitm.edu.in/alumni-network/images/67_achiv_imran.webp]
[www.kccitm.edu.in/alumni-network/images/68_achiv_aakansha.webp]
[www.kccitm.edu.in/alumni-network/images/70_achiv_neeraj-dobriyal.webp]
[www.kccitm.edu.in/alumni-network/images/71_achiv_yamini-singh.webp]
[www.kccitm.edu.in/alumni-network/images/72_achiv_neha-gaurav.webp]
[www.kccitm.edu.in/alumni-network/images/73_achiv_hasan-wahidi.webp]
[www.kccitm.edu.in/alumni-network/images/74_achiv_pulkit-bhatt.webp]
[www.kccitm.edu.in/alumni-network/images/75_achiv_tijan-wilson.webp]
[www.kccitm.edu.in/alumni-network/images/76_achiv_smriti-sethi.webp]
[www.kccitm.edu.in/alumni-network/images/77_achiv_piyush-chhabra.webp]
[www.kccitm.edu.in/alumni-network/images/78_achiv_harish-k-saini.webp]
[www.kccitm.edu.in/alumni-network/images/79_achiv_gokul-mohan.webp]
[www.kccitm.edu.in/alumni-network/images/80_achiv_priyanka-thakur.webp]
[www.kccitm.edu.in/alumni-network/images/81_achiv_jigyasa.webp]
[www.kccitm.edu.in/alumni-network/images/82_achiv_shainkey-singh.webp]
[www.kccitm.edu.in/alumni-network/images/83_achiv_alankrit.webp]
[www.kccitm.edu.in/alumni-network/images/84_achiv_sanjeev.webp]
[www.kccitm.edu.in/alumni-network/images/85_achiv_raja-gupta.webp]
[www.kccitm.edu.in/alumni-network/images/86_achiv_parmeet-s-sehdev.webp]
[www.kccitm.edu.in/alumni-network/images/87_achiv_radha-khurana.webp]
[www.kccitm.edu.in/alumni-network/images/88_achiv_saiyam-aggarwal.webp]
[www.kccitm.edu.in/alumni-network/images/89_achiv_naveen-k-pal.webp]
[www.kccitm.edu.in/alumni-network/images/90_achiv_karan-kumar.webp]
[www.kccitm.edu.in/alumni-network/images/91_achiv_jyotiprakash-jena.webp]
[www.kccitm.edu.in/alumni-network/images/92_achiv_kshitiz-sharma.webp]
[www.kccitm.edu.in/alumni-network/images/93_achiv_neha-adhikari.webp]
[www.kccitm.edu.in/alumni-network/images/95_achiv_grace-abraham.webp]
[www.kccitm.edu.in/alumni-network/images/96_achiv_areeb-khan.webp]
[www.kccitm.edu.in/alumni-network/images/97_achiv_aurobindo-satapathy.webp]
[www.kccitm.edu.in/alumni-network/images/98_achiv_shubham-taneja.webp]
[www.kccitm.edu.in/alumni-network/images/99_achiv_bhavya-agarwal.webp]
[www.kccitm.edu.in/alumni-network/images/100_achiv_balendu-upadhyaya.webp]
[www.kccitm.edu.in/alumni-network/images/101_achiv_sachin-sharma.webp]
[www.kccitm.edu.in/alumni-network/images/102_achiv_dhruv-arya.webp]
[www.kccitm.edu.in/alumni-network/images/103_achiv_vinay-rana.webp]
[www.kccitm.edu.in/alumni-network/images/104_achiv_anushree-vijay.webp]
[www.kccitm.edu.in/alumni-network/images/105_achiv_nisha-suyal.webp]
[www.kccitm.edu.in/alumni-network/images/106_achiv_kaushal-gupta.webp]
[www.kccitm.edu.in/alumni-network/images/107_achiv_nikita-pandey.webp]
[www.kccitm.edu.in/alumni-network/images/108_achiv_lawb-karn.webp]
[www.kccitm.edu.in/alumni-network/images/109_achiv_rishabh-sharma.webp]
[www.kccitm.edu.in/alumni-network/images/110_achiv_lakshay-sharma.webp]
[www.kccitm.edu.in/alumni-network/images/111_achiv_abdul-qadir-khan.webp]
[www.kccitm.edu.in/alumni-network/images/112_achiv_isha-malviya.webp]
[www.kccitm.edu.in/alumni-network/images/113_achiv_mohit-bhimsaria.webp]
[www.kccitm.edu.in/alumni-network/images/114_achiv_r-geeta-vaishnavi.webp]
[www.kccitm.edu.in/alumni-network/achievers.html]
[www.kccitm.edu.in/alumni-network/images/st3-manav-gupta.webp]
[www.kccitm.edu.in/alumni-network/images/st-4-karuna-mangla.webp]
[www.kccitm.edu.in/alumni-network/images/st-5-deepshikha-garg.webp]
[www.kccitm.edu.in/alumni-network/images/st-5-harshit.webp]
[www.kccitm.edu.in/alumni-network/images/st-5-tanshu-arora.webp]
[www.kccitm.edu.in/alumni-network/images/st-5-suman-kumari.webp]
[www.kccitm.edu.in/alumni-network/images/st-5-ankit-raj.webp]
[www.kccitm.edu.in/alumni-network/images/st-5-shreya-gupta.webp]
[www.kccitm.edu.in/alumni-network/images/st-5-kushagra-bisht.webp]
[www.kccitm.edu.in/alumni-network/images/st-9-anwesha-saxena.webp]
[www.kccitm.edu.in/alumni-network/images/st-13-smriti-jha.webp]
[www.kccitm.edu.in/alumni-network/images/st-1-aman-yadav.webp]
[www.kccitm.edu.in/alumni-network/images/st-1-sanchit-singh-bhandari.webp]
[www.kccitm.edu.in/alumni-network/images/st-1-ritik-kumar.webp]
[www.kccitm.edu.in/alumni-network/images/st-15-kanika-bansal.webp]
[www.kccitm.edu.in/alumni-network/images/st-1-ishita-shrivastav.webp]
[www.kccitm.edu.in/alumni-network/images/st-1-ankit-thakur.webp]
[www.kccitm.edu.in/alumni-network/images/st-1-arjun-arora.webp]
[www.kccitm.edu.in/alumni-network/images/st-10-akshat-arkh.webp]
[www.kccitm.edu.in/alumni-network/images/st-14-vivek-kumar.webp]
[www.kccitm.edu.in/alumni-network/images/st-1-jyoti-pathak.webp]
[www.kccitm.edu.in/alumni-network/images/st-1-tushar-kumar.webp]
[www.kccitm.edu.in/alumni-network/images/st-1-nilansha.webp]
[www.kccitm.edu.in/alumni-network/images/st-1-khushi-kiran.webp]
[www.kccitm.edu.in/alumni-network/images/st-1-khushdeep-jha.webp]
[www.kccitm.edu.in/alumni-network/images/st-1-yash-kumar.webp]
[www.kccitm.edu.in/alumni-network/images/st-1-himanshu-singh.webp]
[www.kccitm.edu.in/alumni-network/images/st-1-harshit-khanna.webp]
[www.kccitm.edu.in/alumni-network/images/st-1-varsha-kushwar.webp]
[www.kccitm.edu.in/alumni-network/images/st-1-ishan-singh.webp]
[www.kccitm.edu.in/alumni-network/images/st-1-shruti-singh-rathore.webp]
[www.kccitm.edu.in/alumni-network/images/st-1-mansi.webp]
[www.kccitm.edu.in/alumni-network/images/st-1-surbhi.webp]
[www.kccitm.edu.in/alumni-network/images/st-1-prabhanshu-sharma.webp]
[www.kccitm.edu.in/alumni-network/images/st-1-dhruv-khanna.webp]
[www.kccitm.edu.in/alumni-network/images/st-1-devansh-pandey.webp]
[www.kccitm.edu.in/alumni-network/images/st-1-reha.webp]
[www.kccitm.edu.in/alumni-network/images/st-1-utkarsh.webp]
[www.kccitm.edu.in/alumni-network/images/st-1-vabita-joshi.webp]
[www.kccitm.edu.in/alumni-network/images/st-1-rupsha-bhadra.webp]
[www.kccitm.edu.in/alumni-network/images/st-1-pranav.webp]
[www.kccitm.edu.in/alumni-network/alumni.html]
[www.kccitm.edu.in/moot-courtroom.html]
[www.kccitm.edu.in/gallery/62/aktu-zonal-level-sports-fest-2025.html]
[www.kccitm.edu.in/gallery/59/fuel-2024-day-1.html]
[www.kccitm.edu.in/gallery/61/fuel-2024-day-3.html]
[www.kccitm.edu.in/gallery/60/fuel-2024-day-2.html]
[www.kccitm.edu.in/gallery/58/freshers-party-for-mba-batch.html]
[www.kccitm.edu.in/gallery/57/cultural-extravaganza-anugoonj-2024-prelims-zone-2.html]
[www.kccitm.edu.in/gallery/56/inspiration-23.html]
[www.kccitm.edu.in/gallery/55/seminar-on-the-topic-‘the-g20-new-delhi-declaration_-key-takeaways-for-international-law-perspective.html]
[www.kccitm.edu.in/gallery/54/guest-lecture-on-‘the-power-of-communication’.html]
[kit.fontawesome.com/a076d05399.html]
[www.kccitm.edu.in/events/544/orientation-program-of-kcc-institute-of-technology-and-management.html]
[www.kccitm.edu.in/events/543/orientation-program-of-kcc-institute-of-legal-and-higher-education.html]
[www.kccitm.edu.in/image-gallery818f.html]
[www.kccitm.edu.in/video-gallerybe3f.html]
[www.kccitm.edu.in/images/1ste_program-img1.html]
[www.kccitm.edu.in/icemdgt/css/bootstrap.min.css]
[www.kccitm.edu.in/icemdgt/font-awesome/fonts/fontawesome-webfont3e6e.eot]
[www.kccitm.edu.in/icemdgt/font-awesome/fonts/fontawesome-webfontd41d.eot]
[www.kccitm.edu.in/icemdgt/font-awesome/fonts/fontawesome-webfont3e6e.woff2]
[www.kccitm.edu.in/icemdgt/font-awesome/fonts/fontawesome-webfont3e6e.woff]
[www.kccitm.edu.in/icemdgt/font-awesome/fonts/fontawesome-webfont3e6e.ttf]
[www.kccitm.edu.in/icemdgt/font-awesome/css/font-awesome.min.css]
[www.kccitm.edu.in/icemdgt/css/owl.carousel.min.css]
[www.kccitm.edu.in/icemdgt/css/style.css]
[www.kccitm.edu.in/icemdgt/css/responsive.css]
[www.kccitm.edu.in/icemdgt/call-papers.html]
[www.kccitm.edu.in/icemdgt/registration-details.html]
[www.kccitm.edu.in/icemdgt/images/dr-gul-erkol-bayram.webp]
[www.kccitm.edu.in/icemdgt/images/dr-firdous-ahmad-malik.webp]
[www.kccitm.edu.in/icemdgt/images/kamlesh-mishra.webp]
[www.kccitm.edu.in/icemdgt/images/rohit-pattnaik.webp]
[www.kccitm.edu.in/icemdgt/images/lalit-bohra.webp]
[www.kccitm.edu.in/icemdgt/speaker-details.html]
[www.kccitm.edu.in/icemdgt/contact-us.html]
[widgets.in5.nopaperforms.com/registerd41d.html]
[www.kccitm.edu.in/Firefox/index.html]
[www.kccitm.edu.in/AppleWebKit/index.html]
[www.kccitm.edu.in/Opera/index.html]
[www.kccitm.edu.in/css/images/headertop_img.html]
[www.kccitm.edu.in/css/images/headerbottom_img.html]
[www.kccitm.edu.in/css/images/sidebar_header.html]
[www.kccitm.edu.in/css/images/samples_bg.html]
[www.kccitm.edu.in/css/images/walkthrough_bg.html]
[www.kccitm.edu.in/css/images/rightcoltop.html]
[www.kccitm.edu.in/css/images/demotop.html]
[www.kccitm.edu.in/css/images/demobottom.html]
[www.kccitm.edu.in/css/images/bg-menu-main.html]
[www.kccitm.edu.in/css/images/header-opened.html]
[www.kccitm.edu.in/css/images/bg_nav.html]
[www.kccitm.edu.in/css/images/handlehand.html]
[www.kccitm.edu.in/css/images/handlegrip.html]
[www.kccitm.edu.in/css/images/filledstar.html]
[www.kccitm.edu.in/css/images/emptystar.html]
[www.kccitm.edu.in/css/images/savedstar.html]
[www.kccitm.edu.in/css/images/question.html]
[www.kccitm.edu.in/css/images/loading.html]
[www.kccitm.edu.in/alumni-network/css/owl.video.play.html]
[www.kccitm.edu.in/alumni-network/font-awesome/fonts/fontawesome-webfont3e6e.eot]
[www.kccitm.edu.in/alumni-network/font-awesome/fonts/fontawesome-webfontd41d.eot]
[www.kccitm.edu.in/alumni-network/font-awesome/fonts/fontawesome-webfont3e6e.woff2]
[www.kccitm.edu.in/alumni-network/font-awesome/fonts/fontawesome-webfont3e6e.woff]
[www.kccitm.edu.in/alumni-network/font-awesome/fonts/fontawesome-webfont3e6e.ttf]
[www.kccitm.edu.in/alumni-network/font-awesome/css/font-awesome.min.css]
[www.kccitm.edu.in/icemdgt/font-awesome/fonts/fontawesome-webfont3e6e.svg]
[www.kccitm.edu.in/icemdgt/css/owl.video.play.html]
[www.kccitm.edu.in/alumni-network/font-awesome/fonts/fontawesome-webfont3e6e.svg]
